
> frontend@0.1.0 build
> react-scripts build

Creating an optimized production build...
Compiled with warnings.

[eslint] 
src/components/admin/GatewayManagement.jsx
  Line 16:11:  'user' is assigned a value but never used  no-unused-vars

src/components/auth/ForgotPassword.jsx
  Line 4:25:  'validateMPIN' is defined but never used  no-unused-vars

src/components/auth/Login.jsx
  Line 4:8:  'Input' is defined but never used   no-unused-vars
  Line 5:8:  'Button' is defined but never used  no-unused-vars

src/components/bankManagement/AddBankAccount.jsx
  Line 9:11:  'user' is assigned a value but never used  no-unused-vars

src/components/bankManagement/BankAccounts.jsx
  Line 7:8:   'Input' is defined but never used         no-unused-vars
  Line 15:3:  'FaCreditCard' is defined but never used  no-unused-vars

src/components/bbps/CreditCardBill.jsx
  Line 436:48:   Unexpected mix of '&&' and '||'. Use parentheses to clarify the intended order of operations  no-mixed-operators
  Line 436:100:  Unexpected mix of '&&' and '||'. Use parentheses to clarify the intended order of operations  no-mixed-operators

src/components/common/Sidebar.jsx
  Line 29:9:  The 'menuItems' conditional could make the dependencies of useEffect Hook (at line 44) change on every render. To fix this, wrap the initialization of 'menuItems' in its own useMemo() Hook  react-hooks/exhaustive-deps

src/components/dashboard/Dashboard.jsx
  Line 9:8:  'Button' is defined but never used  no-unused-vars

src/components/fundManagement/LoadMoney.jsx
  Line 4:26:  'getContacts' is defined but never used  no-unused-vars

src/components/fundManagement/Payout.jsx
  Line 20:81:  'FaCircleExclamation' is defined but never used  no-unused-vars
  Line 35:10:  'loading' is assigned a value but never used     no-unused-vars

Search for the keywords to learn more about each warning.
To ignore, add // eslint-disable-next-line to the line before.

File sizes after gzip:

  147.29 kB (-83 B)  build/static/js/main.7e929c46.js
  7.83 kB            build/static/css/main.612c64e7.css
  1.76 kB            build/static/js/453.20359781.chunk.js

The project was built assuming it is hosted at /.
You can control this with the homepage field in your package.json.

The build folder is ready to be deployed.
You may serve it with a static server:

  npm install -g serve
  serve -s build

Find out more about deployment here:

  https://cra.link/deployment

